[    0.000000] Initializing cgroup subsys cpuset
[    0.000000] Initializing cgroup subsys cpu
[    0.000000] Initializing cgroup subsys cpuacct
[    0.000000] Linux version 4.4.0-70-generic (buildd@lgw01-13) (gcc version 5.4.0 20160609 (Ubuntu 5.4.0-6ubuntu1~16.04.4) ) #91-Ubuntu SMP Wed Mar 22 12:47:43 UTC 2017 (Ubuntu 4.4.0-70.91-generic 4.4.49)
[    0.000000] Command line: BOOT_IMAGE=/boot/vmlinuz-4.4.0-70-generic root=UUID=c0e33e0d-ff09-415d-9ba2-24809f9a87c2 ro console=tty1 console=ttyS0
[    0.000000] KERNEL supported cpus:
[    0.000000]   Intel GenuineIntel
[    0.000000]   AMD AuthenticAMD
[    0.000000]   Centaur CentaurHauls
[    0.000000] x86/fpu: xstate_offset[2]:  576, xstate_sizes[2]:  256
[    0.000000] x86/fpu: Supporting XSAVE feature 0x01: 'x87 floating point registers'
[    0.000000] x86/fpu: Supporting XSAVE feature 0x02: 'SSE registers'
[    0.000000] x86/fpu: Supporting XSAVE feature 0x04: 'AVX registers'
[    0.000000] x86/fpu: Enabled xstate features 0x7, context size is 832 bytes, using 'standard' format.
[    0.000000] x86/fpu: Using 'lazy' FPU context switches.
[    0.000000] e820: BIOS-provided physical RAM map:
[    0.000000] BIOS-e820: [mem 0x0000000000000000-0x000000000009fbff] usable
[    0.000000] BIOS-e820: [mem 0x000000000009fc00-0x000000000009ffff] reserved
[    0.000000] BIOS-e820: [mem 0x00000000000f0000-0x00000000000fffff] reserved
[    0.000000] BIOS-e820: [mem 0x0000000000100000-0x000000007ffeffff] usable
[    0.000000] BIOS-e820: [mem 0x000000007fff0000-0x000000007fffffff] ACPI data
[    0.000000] BIOS-e820: [mem 0x00000000fec00000-0x00000000fec00fff] reserved
[    0.000000] BIOS-e820: [mem 0x00000000fee00000-0x00000000fee00fff] reserved
[    0.000000] BIOS-e820: [mem 0x00000000fffc0000-0x00000000ffffffff] reserved
[    0.000000] NX (Execute Disable) protection: active
[    0.000000] SMBIOS 2.5 present.
[    0.000000] Hypervisor detected: KVM
[    0.000000] e820: last_pfn = 0x7fff0 max_arch_pfn = 0x400000000
[    0.000000] MTRR: Disabled
[    0.000000] x86/PAT: MTRRs disabled, skipping PAT initialization too.
[    0.000000] x86/PAT: Configuration [0-7]: WB  WT  UC- UC  WB  WT  UC- UC  
[    0.000000] CPU MTRRs all blank - virtualized system.
[    0.000000] found SMP MP-table at [mem 0x0009fff0-0x0009ffff] mapped at [ffff88000009fff0]
[    0.000000] Scanning 1 areas for low memory corruption
[    0.000000] RAMDISK: [mem 0x36236000-0x37112fff]
[    0.000000] ACPI: Early table checksum verification disabled
[    0.000000] ACPI: RSDP 0x00000000000E0000 000024 (v02 VBOX  )
[    0.000000] ACPI: XSDT 0x000000007FFF0030 00003C (v01 VBOX   VBOXXSDT 00000001 ASL  00000061)
[    0.000000] ACPI: FACP 0x000000007FFF00F0 0000F4 (v04 VBOX   VBOXFACP 00000001 ASL  00000061)
[    0.000000] ACPI: DSDT 0x000000007FFF0470 0021C8 (v02 VBOX   VBOXBIOS 00000002 INTL 20100528)
[    0.000000] ACPI: FACS 0x000000007FFF0200 000040
[    0.000000] ACPI: FACS 0x000000007FFF0200 000040
[    0.000000] ACPI: APIC 0x000000007FFF0240 00005C (v02 VBOX   VBOXAPIC 00000001 ASL  00000061)
[    0.000000] ACPI: SSDT 0x000000007FFF02A0 0001CC (v01 VBOX   VBOXCPUT 00000002 INTL 20100528)
[    0.000000] No NUMA configuration found
[    0.000000] Faking a node at [mem 0x0000000000000000-0x000000007ffeffff]
[    0.000000] NODE_DATA(0) allocated [mem 0x7ffeb000-0x7ffeffff]
[    0.000000] kvm-clock: Using msrs 4b564d01 and 4b564d00
[    0.000000] kvm-clock: cpu 0, msr 0:7ffe3001, primary cpu clock
[    0.000000] kvm-clock: using sched offset of 3589205565 cycles
[    0.000000] clocksource: kvm-clock: mask: 0xffffffffffffffff max_cycles: 0x1cd42e4dffb, max_idle_ns: 881590591483 ns
[    0.000000] Zone ranges:
[    0.000000]   DMA      [mem 0x0000000000001000-0x0000000000ffffff]
[    0.000000]   DMA32    [mem 0x0000000001000000-0x000000007ffeffff]
[    0.000000]   Normal   empty
[    0.000000]   Device   empty
[    0.000000] Movable zone start for each node
[    0.000000] Early memory node ranges
[    0.000000]   node   0: [mem 0x0000000000001000-0x000000000009efff]
[    0.000000]   node   0: [mem 0x0000000000100000-0x000000007ffeffff]
[    0.000000] Initmem setup node 0 [mem 0x0000000000001000-0x000000007ffeffff]
[    0.000000] ACPI: PM-Timer IO Port: 0x4008
[    0.000000] IOAPIC[0]: apic_id 2, version 32, address 0xfec00000, GSI 0-23
[    0.000000] ACPI: INT_SRC_OVR (bus 0 bus_irq 0 global_irq 2 dfl dfl)
[    0.000000] ACPI: INT_SRC_OVR (bus 0 bus_irq 9 global_irq 9 high level)
[    0.000000] Using ACPI (MADT) for SMP configuration information
[    0.000000] smpboot: Allowing 2 CPUs, 0 hotplug CPUs
[    0.000000] PM: Registered nosave memory: [mem 0x00000000-0x00000fff]
[    0.000000] PM: Registered nosave memory: [mem 0x0009f000-0x0009ffff]
[    0.000000] PM: Registered nosave memory: [mem 0x000a0000-0x000effff]
[    0.000000] PM: Registered nosave memory: [mem 0x000f0000-0x000fffff]
[    0.000000] e820: [mem 0x80000000-0xfebfffff] available for PCI devices
[    0.000000] Booting paravirtualized kernel on KVM
[    0.000000] clocksource: refined-jiffies: mask: 0xffffffff max_cycles: 0xffffffff, max_idle_ns: 7645519600211568 ns
[    0.000000] setup_percpu: NR_CPUS:512 nr_cpumask_bits:512 nr_cpu_ids:2 nr_node_ids:1
[    0.000000] PERCPU: Embedded 33 pages/cpu @ffff88007fc00000 s98264 r8192 d28712 u1048576
[    0.000000] PV qspinlock hash table entries: 256 (order: 0, 4096 bytes)
[    0.000000] Built 1 zonelists in Node order, mobility grouping on.  Total pages: 515961
[    0.000000] Policy zone: DMA32
[    0.000000] Kernel command line: BOOT_IMAGE=/boot/vmlinuz-4.4.0-70-generic root=UUID=c0e33e0d-ff09-415d-9ba2-24809f9a87c2 ro console=tty1 console=ttyS0
[    0.000000] PID hash table entries: 4096 (order: 3, 32768 bytes)
[    0.000000] Memory: 2029552K/2096696K available (8452K kernel code, 1293K rwdata, 3976K rodata, 1484K init, 1316K bss, 67144K reserved, 0K cma-reserved)
[    0.000000] SLUB: HWalign=64, Order=0-3, MinObjects=0, CPUs=2, Nodes=1
[    0.000000] Hierarchical RCU implementation.
[    0.000000] 	Build-time adjustment of leaf fanout to 64.
[    0.000000] 	RCU restricting CPUs from NR_CPUS=512 to nr_cpu_ids=2.
[    0.000000] RCU: Adjusting geometry for rcu_fanout_leaf=64, nr_cpu_ids=2
[    0.000000] NR_IRQS:33024 nr_irqs:440 16
[    0.000000] Console: colour VGA+ 80x25
[    0.000000] console [tty1] enabled
[    0.000000] console [ttyS0] enabled
[    0.000000] tsc: Detected 2494.226 MHz processor
[    2.514533] Calibrating delay loop (skipped) preset value.. 4988.45 BogoMIPS (lpj=9976904)
[    2.637567] pid_max: default: 32768 minimum: 301
[    2.694381] ACPI: Core revision 20150930
[    2.702678] ACPI: 2 ACPI AML tables successfully acquired and loaded
[    2.706853] Security Framework initialized
[    2.708343] Yama: becoming mindful.
[    2.709171] AppArmor: AppArmor initialized
[    2.711673] Dentry cache hash table entries: 262144 (order: 9, 2097152 bytes)
[    2.720327] Inode-cache hash table entries: 131072 (order: 8, 1048576 bytes)
[    2.723007] Mount-cache hash table entries: 4096 (order: 3, 32768 bytes)
[    2.726088] Mountpoint-cache hash table entries: 4096 (order: 3, 32768 bytes)
[    2.729465] Initializing cgroup subsys io
[    2.734108] Initializing cgroup subsys memory
[    2.747467] Initializing cgroup subsys devices
[    2.748336] Initializing cgroup subsys freezer
[    2.769418] Initializing cgroup subsys net_cls
[    2.770290] Initializing cgroup subsys perf_event
[    2.812752] Initializing cgroup subsys net_prio
[    2.841173] Initializing cgroup subsys hugetlb
[    2.857142] Initializing cgroup subsys pids
[    2.925321] CPU: Physical Processor ID: 0
[    2.980030] CPU: Processor Core ID: 0
[    3.050340] mce: CPU supports 0 MCE banks
[    3.070528] Last level iTLB entries: 4KB 1024, 2MB 1024, 4MB 1024
[    3.072888] Last level dTLB entries: 4KB 1024, 2MB 1024, 4MB 1024, 1GB 4
[    3.082724] Freeing SMP alternatives memory: 32K (ffffffff820b8000 - ffffffff820c0000)
[    3.104344] ftrace: allocating 32111 entries in 126 pages
[    3.155782] smpboot: APIC(0) Converting physical 0 to logical package 0
[    3.176865] smpboot: Max logical packages: 1
[    3.182881] x2apic enabled
[    3.188852] Switched APIC routing to physical x2apic.
[    3.191408] ..TIMER: vector=0x30 apic1=0 pin1=2 apic2=-1 pin2=-1
[    3.313427] smpboot: CPU0: Intel(R) Core(TM) i7-4870HQ CPU @ 2.50GHz (family: 0x6, model: 0x46, stepping: 0x1)
[    3.462678] Performance Events: unsupported p6 CPU model 70 no PMU driver, software events only.
[    3.470443] KVM setup paravirtual spinlock
[    3.538715] x86: Booting SMP configuration:
[    3.609333] .... node  #0, CPUs:      #1
[    3.685943] kvm-clock: cpu 1, msr 0:7ffe3041, secondary cpu clock
[    3.796742] mce: CPU supports 0 MCE banks
[    3.873800] x86: Booted up 1 node, 2 CPUs
[    3.933659] smpboot: Total of 2 processors activated (9976.90 BogoMIPS)
[    4.063991] devtmpfs: initialized
[    4.132967] evm: security.selinux
[    4.206125] evm: security.SMACK64
[    4.268866] evm: security.SMACK64EXEC
[    4.328306] evm: security.SMACK64TRANSMUTE
[    4.350927] evm: security.SMACK64MMAP
[    4.369380] evm: security.ima
[    4.377700] evm: security.capability
[    4.392636] clocksource: jiffies: mask: 0xffffffff max_cycles: 0xffffffff, max_idle_ns: 7645041785100000 ns
[    4.498222] pinctrl core: initialized pinctrl subsystem
[    4.506299] RTC time:  3:27:24, date: 03/29/17
[    4.511882] NET: Registered protocol family 16
[    4.526000] cpuidle: using governor ladder
[    4.593402] cpuidle: using governor menu
[    4.660235] PCCT header not found.
[    4.727415] ACPI: bus type PCI registered
[    4.755701] acpiphp: ACPI Hot Plug PCI Controller Driver version: 0.5
[    4.759714] PCI: Using configuration type 1 for base access
[    4.774373] ACPI: Added _OSI(Module Device)
[    4.786669] ACPI: Added _OSI(Processor Device)
[    4.788800] ACPI: Added _OSI(3.0 _SCP Extensions)
[    4.789976] ACPI: Added _OSI(Processor Aggregator Device)
[    4.791585] ACPI: Executed 1 blocks of module-level executable AML code
[    4.798099] ACPI: Interpreter enabled
[    4.805989] ACPI: (supports S0 S5)
[    4.806792] ACPI: Using IOAPIC for interrupt routing
[    4.808097] PCI: Using host bridge windows from ACPI; if necessary, use "pci=nocrs" and report a bug
[    4.814084] ACPI: PCI Root Bridge [PCI0] (domain 0000 [bus 00-ff])
[    4.822170] acpi PNP0A03:00: _OSC: OS supports [ASPM ClockPM Segments MSI]
[    4.823777] acpi PNP0A03:00: _OSC failed (AE_NOT_FOUND); disabling ASPM
[    4.825072] acpi PNP0A03:00: fail to add MMCONFIG information, can't access extended PCI configuration space under this bridge.
[    4.836143] PCI host bridge to bus 0000:00
[    4.842010] pci_bus 0000:00: root bus resource [io  0x0000-0x0cf7 window]
[    4.843390] pci_bus 0000:00: root bus resource [io  0x0d00-0xffff window]
[    4.847512] pci_bus 0000:00: root bus resource [mem 0x000a0000-0x000bffff window]
[    4.915621] pci_bus 0000:00: root bus resource [mem 0x80000000-0xffdfffff window]
[    5.058077] pci_bus 0000:00: root bus resource [bus 00-ff]
[    5.160625] pci 0000:00:01.1: legacy IDE quirk: reg 0x10: [io  0x01f0-0x01f7]
[    5.273880] pci 0000:00:01.1: legacy IDE quirk: reg 0x14: [io  0x03f6]
[    5.382360] pci 0000:00:01.1: legacy IDE quirk: reg 0x18: [io  0x0170-0x0177]
[    5.479549] pci 0000:00:01.1: legacy IDE quirk: reg 0x1c: [io  0x0376]
[    5.551561] pci 0000:00:07.0: quirk: [io  0x4000-0x403f] claimed by PIIX4 ACPI
[    5.676721] pci 0000:00:07.0: quirk: [io  0x4100-0x410f] claimed by PIIX4 SMB
[    5.724849] ACPI: PCI Interrupt Link [LNKA] (IRQs 5 9 10 *11)
[    5.830361] ACPI: PCI Interrupt Link [LNKB] (IRQs 5 9 10 *11)
[    5.927470] ACPI: PCI Interrupt Link [LNKC] (IRQs 5 9 *10 11)
[    6.031415] ACPI: PCI Interrupt Link [LNKD] (IRQs 5 *9 10 11)
[    6.126255] ACPI: Enabled 2 GPEs in block 00 to 07
[    6.199816] vgaarb: setting as boot device: PCI:0000:00:02.0
[    6.323884] vgaarb: device added: PCI:0000:00:02.0,decodes=io+mem,owns=io+mem,locks=none
[    6.466919] vgaarb: loaded
[    6.474092] vgaarb: bridge control possible 0000:00:02.0
[    6.477224] SCSI subsystem initialized
[    6.483978] ACPI: bus type USB registered
[    6.484992] usbcore: registered new interface driver usbfs
[    6.490364] usbcore: registered new interface driver hub
[    6.494374] usbcore: registered new device driver usb
[    6.495871] PCI: Using ACPI for IRQ routing
[    6.499178] NetLabel: Initializing
[    6.501597] NetLabel:  domain hash size = 128
[    6.502569] NetLabel:  protocols = UNLABELED CIPSOv4
[    6.506767] NetLabel:  unlabeled traffic allowed by default
[    6.535608] amd_nb: Cannot enumerate AMD northbridges
[    6.550428] clocksource: Switched to clocksource kvm-clock
[    6.582671] AppArmor: AppArmor Filesystem Enabled
[    6.680602] pnp: PnP ACPI init
[    6.755908] pnp: PnP ACPI: found 3 devices
[    6.799774] clocksource: acpi_pm: mask: 0xffffff max_cycles: 0xffffff, max_idle_ns: 2085701024 ns
[    6.834051] NET: Registered protocol family 2
[    6.853589] TCP established hash table entries: 16384 (order: 5, 131072 bytes)
[    7.013737] TCP bind hash table entries: 16384 (order: 6, 262144 bytes)
[    7.165205] TCP: Hash tables configured (established 16384 bind 16384)
[    7.314654] UDP hash table entries: 1024 (order: 3, 32768 bytes)
[    7.462651] UDP-Lite hash table entries: 1024 (order: 3, 32768 bytes)
[    7.473525] NET: Registered protocol family 1
[    7.480105] pci 0000:00:00.0: Limiting direct PCI/PCI transfers
[    7.484289] pci 0000:00:01.0: Activating ISA DMA hang workarounds
[    7.485595] Unpacking initramfs...
[    7.736604] Freeing initrd memory: 15220K (ffff880036236000 - ffff880037113000)
[    7.744800] platform rtc_cmos: registered platform RTC device (no PNP device found)
[    7.910140] Scanning for low memory corruption every 60 seconds
[    7.924663] futex hash table entries: 512 (order: 3, 32768 bytes)
[    7.925561] audit: initializing netlink subsys (disabled)
[    7.926370] audit: type=2000 audit(1490758046.581:1): initialized
[    8.078421] Initialise system trusted keyring
[    8.198011] HugeTLB registered 2 MB page size, pre-allocated 0 pages
[    8.341361] zbud: loaded
[    8.380457] VFS: Disk quotas dquot_6.6.0
[    8.481919] VFS: Dquot-cache hash table entries: 512 (order 0, 4096 bytes)
[    8.485672] squashfs: version 4.0 (2009/01/31) Phillip Lougher
[    8.491421] fuse init (API version 7.23)
[    8.492330] Key type big_key registered
[    8.498233] Allocating IMA MOK and blacklist keyrings.
[    8.509312] Key type asymmetric registered
[    8.512549] Asymmetric key parser 'x509' registered
[    8.516531] Block layer SCSI generic (bsg) driver version 0.4 loaded (major 249)
[    8.520308] io scheduler noop registered
[    8.522011] io scheduler deadline registered (default)
[    8.563421] io scheduler cfq registered
[    8.643478] pci_hotplug: PCI Hot Plug PCI Core version: 0.5
[    8.709943] pciehp: PCI Express Hot Plug Controller Driver version: 0.4
[    8.716497] ACPI: AC Adapter [AC] (on-line)
[    8.729402] input: Power Button as /devices/LNXSYSTM:00/LNXPWRBN:00/input/input0
[    8.747984] tsc: Refined TSC clocksource calibration: 2494.251 MHz
[    8.765536] ACPI: Power Button [PWRF]
[    8.765750] input: Sleep Button as /devices/LNXSYSTM:00/LNXSLPBN:00/input/input1
[    8.765753] ACPI: Sleep Button [SLPF]
[    8.766020] GHES: HEST is not enabled!
[    8.787172] clocksource: tsc: mask: 0xffffffffffffffff max_cycles: 0x23f4033332d, max_idle_ns: 440795326836 ns
[    8.789733] Serial: 8250/16550 driver, 32 ports, IRQ sharing enabled
[    8.790845] ACPI: Battery Slot [BAT0] (battery present)
[    8.841963] 00:02: ttyS0 at I/O 0x3f8 (irq = 4, base_baud = 115200) is a 16550A
[    8.901609] Linux agpgart interface v0.103
[    8.938856] loop: module loaded
[    8.995206] scsi host0: ata_piix
[    9.031534] scsi host1: ata_piix
[    9.097940] ata1: PATA max UDMA/33 cmd 0x1f0 ctl 0x3f6 bmdma 0xd000 irq 14
[    9.236995] ata2: PATA max UDMA/33 cmd 0x170 ctl 0x376 bmdma 0xd008 irq 15
[    9.356490] libphy: Fixed MDIO Bus: probed
[    9.409470] tun: Universal TUN/TAP device driver, 1.6
[    9.510780] tun: (C) 1999-2004 Max Krasnyansky <maxk@qualcomm.com>
[    9.565477] PPP generic driver version 2.4.2
[    9.605132] ehci_hcd: USB 2.0 'Enhanced' Host Controller (EHCI) Driver
[    9.639874] ehci-pci: EHCI PCI platform driver
[    9.650595] ehci-platform: EHCI generic platform driver
[    9.659438] ohci_hcd: USB 1.1 'Open' Host Controller (OHCI) Driver
[    9.660608] ohci-pci: OHCI PCI platform driver
[    9.671345] ohci-platform: OHCI generic platform driver
[    9.706593] uhci_hcd: USB Universal Host Controller Interface driver
[    9.741455] i8042: PNP: PS/2 Controller [PNP0303:PS2K,PNP0f03:PS2M] at 0x60,0x64 irq 1,12
[    9.808777] serio: i8042 KBD port at 0x60,0x64 irq 1
[    9.834793] serio: i8042 AUX port at 0x60,0x64 irq 12
[    9.854679] mousedev: PS/2 mouse device common for all mice
[    9.883436] rtc_cmos rtc_cmos: rtc core: registered rtc_cmos as rtc0
[    9.988187] input: AT Translated Set 2 keyboard as /devices/platform/i8042/serio0/input/input2
[    9.994590] rtc_cmos rtc_cmos: alarms up to one day, 114 bytes nvram
[    9.994610] i2c /dev entries driver
[    9.994685] device-mapper: uevent: version 1.0.3
[   10.062631] device-mapper: ioctl: 4.34.0-ioctl (2015-10-28) initialised: dm-devel@redhat.com
[   10.062655] ledtrig-cpu: registered to indicate activity on CPUs
[   10.062894] NET: Registered protocol family 10
[   10.063142] NET: Registered protocol family 17
[   10.063156] Key type dns_resolver registered
[   10.063336] microcode: CPU0 sig=0x40661, pf=0x40, revision=0x0
[   10.081983] microcode: CPU1 sig=0x40661, pf=0x40, revision=0x0
[   10.082075] microcode: Microcode Update Driver: v2.01 <tigran@aivazian.fsnet.co.uk>, Peter Oruba
[   10.082205] registered taskstats version 1
[   10.082218] Loading compiled-in X.509 certificates
[   10.082779] Loaded X.509 cert 'Build time autogenerated kernel key: a4cff54e0cc9179d8dcdcbb195a5dba42f5df569'
[   10.082804] zswap: loaded using pool lzo/zbud
[   10.084563] Key type trusted registered
[   10.087951] Key type encrypted registered
[   10.087958] AppArmor: AppArmor sha1 policy hashing enabled
[   10.087961] ima: No TPM chip found, activating TPM-bypass!
[   10.087984] evm: HMAC attrs: 0x1
[   10.088239]   Magic number: 9:402:463
[   10.102036] rtc_cmos rtc_cmos: setting system clock to 2017-03-29 03:27:29 UTC (1490758049)
[   10.102167] BIOS EDD facility v0.16 2004-Jun-25, 0 devices found
[   10.102167] EDD information not available.
[   10.924276] Freeing unused kernel memory: 1484K (ffffffff81f45000 - ffffffff820b8000)
[   10.968274] Write protecting the kernel read-only data: 14336k
[   10.991432] Freeing unused kernel memory: 1776K (ffff880001844000 - ffff880001a00000)
[   11.032138] Freeing unused kernel memory: 120K (ffff880001de2000 - ffff880001e00000)
Loading, please [   11.088124] random: systemd-udevd: uninitialized urandom read (16 bytes read, 4 bits of entropy available)
wait...
startin[   11.089257] random: udevadm: uninitialized urandom read (16 bytes read, 4 bits of entropy available)
g version 229
[   11.089285] random: udevadm: uninitialized urandom read (16 bytes read, 4 bits of entropy available)
[   11.089371] random: udevadm: uninitialized urandom read (16 bytes read, 4 bits of entropy available)
[   11.089401] random: udevadm: uninitialized urandom read (16 bytes read, 4 bits of entropy available)
[   11.089430] random: udevadm: uninitialized urandom read (16 bytes read, 4 bits of entropy available)
[   11.089459] random: udevadm: uninitialized urandom read (16 bytes read, 4 bits of entropy available)
[   11.089490] random: udevadm: uninitialized urandom read (16 bytes read, 4 bits of entropy available)
[   11.089518] random: udevadm: uninitialized urandom read (16 bytes read, 4 bits of entropy available)
[   11.089546] random: udevadm: uninitialized urandom read (16 bytes read, 4 bits of entropy available)
[   12.074199] e1000: Intel(R) PRO/1000 Network Driver - version 7.3.21-k8-NAPI
[   12.102535] e1000: Copyright (c) 1999-2006 Intel Corporation.
[   12.171590] Fusion MPT base driver 3.04.20
[   12.195228] Copyright (c) 1999-2008 LSI Corporation
[   12.217365] Fusion MPT SPI Host driver 3.04.20
[   12.249012] AVX version of gcm_enc/dec engaged.
[   12.276528] AES CTR mode by8 optimization enabled
[   12.520946] input: ImExPS/2 Generic Explorer Mouse as /devices/platform/i8042/serio1/input/input4
[   12.655316] e1000 0000:00:03.0 eth0: (PCI:33MHz:32-bit) 02:ed:55:e6:81:b9
[   12.760318] e1000 0000:00:03.0 eth0: Intel(R) PRO/1000 Network Connection
[   12.789330] mptbase: ioc0: Initiating bringup
[   12.798130] e1000 0000:00:03.0 enp0s3: renamed from eth0
[   12.962773] ioc0: LSI53C1030 A0: Capabilities={Initiator}
[   13.228650] scsi host2: ioc0: LSI53C1030 A0, FwRev=00000000h, Ports=1, MaxQ=256, IRQ=20
[   13.359850] scsi 2:0:0:0: Direct-Access     VBOX     HARDDISK         1.0  PQ: 0 ANSI: 5
[   13.486918] scsi target2:0:0: Beginning Domain Validation
[   13.488948] scsi target2:0:0: Domain Validation skipping write tests
[   13.512866] scsi target2:0:0: Ending Domain Validation
[   13.597989] scsi target2:0:0: asynchronous
[   13.678588] scsi 2:0:1:0: Direct-Access     VBOX     HARDDISK         1.0  PQ: 0 ANSI: 5
[   13.855993] scsi target2:0:1: Beginning Domain Validation
[   13.997025] scsi target2:0:1: Domain Validation skipping write tests
[   14.167396] scsi target2:0:1: Ending Domain Validation
[   14.250703] scsi target2:0:1: asynchronous
[   14.320169] sd 2:0:0:0: [sda] 20971520 512-byte logical blocks: (10.7 GB/10.0 GiB)
[   14.320211] sd 2:0:0:0: Attached scsi generic sg0 type 0
[   14.479366] sd 2:0:1:0: Attached scsi generic sg1 type 0
[   14.479648] sd 2:0:1:0: [sdb] 20480 512-byte logical blocks: (10.5 MB/10.0 MiB)
[   14.479823] sd 2:0:1:0: [sdb] Write Protect is off
[   14.479973] sd 2:0:1:0: [sdb] Incomplete mode parameter data
[   14.479974] sd 2:0:1:0: [sdb] Assuming drive cache: write through
[   14.482809] sd 2:0:1:0: [sdb] Attached SCSI disk
[   14.793545] sd 2:0:0:0: [sda] Write Protect is off
[   14.883278] sd 2:0:0:0: [sda] Incomplete mode parameter data
[   14.971617] sd 2:0:0:0: [sda] Assuming drive cache: write through
[   15.081974]  sda: sda1
[   15.122809] sd 2:0:0:0: [sda] Attached SCSI disk
[   15.314643] floppy0: no floppy controllers found
Begin: Loading e[   16.799130] md: linear personality registered for level -1
ssential drivers[   16.898480] md: multipath personality registered for level -4
 ... [   16.981969] md: raid0 personality registered for level 0
[   17.057534] md: raid1 personality registered for level 1
[   17.138937] raid6: sse2x1   gen() 10324 MB/s
[   17.234502] raid6: sse2x1   xor()  7024 MB/s
[   17.306882] raid6: sse2x2   gen() 12570 MB/s
[   17.398613] raid6: sse2x2   xor()  7630 MB/s
[   17.546719] raid6: sse2x4   gen() 13654 MB/s
[   17.678563] raid6: sse2x4   xor()  9470 MB/s
[   17.748208] raid6: using algorithm sse2x4 gen() 13654 MB/s
[   17.750585] raid6: .... xor() 9470 MB/s, rmw enabled
[   17.759929] raid6: using ssse3x2 recovery algorithm
[   17.764620] xor: automatically using best checksumming function:
[   17.846947]    avx       : 24692.000 MB/sec
[   17.954816] async_tx: api initialized (async)
[   18.015952] md: raid6 personality registered for level 6
[   18.085653] md: raid5 personality registered for level 5
[   18.168892] md: raid4 personality registered for level 4
[   18.265403] md: raid10 personality registered for level 10
done.
Begin: Running /scripts/i[   18.400993] Btrfs loaded
nit-premount ... done.
Begin: Mounting root file system ... Begin: Running /scripts/local-top ... done.
Begin: Running /script[   18.523969] EXT4-fs (sda1): mounted filesystem with ordered data mode. Opts: (null)
s/local-premount ... Scanning for Btrfs filesystems
done.
Warning: fsck not present, so skipping root file system
done.
Begin: Running /scripts/local-bottom ... done.
Begin: Running /scripts/init-bottom ... done.
[   18.792256] systemd[1]: systemd 229 running in system mode. (+PAM +AUDIT +SELINUX +IMA +APPARMOR +SMACK +SYSVINIT +UTMP +LIBCRYPTSETUP +GCRYPT +GNUTLS +ACL +XZ -LZ4 +SECCOMP +BLKID +ELFUTILS +KMOD -IDN)
[   19.040355] systemd[1]: Detected virtualization oracle.
[   19.105851] systemd[1]: Detected architecture x86-64.

Welcome to [1mUbuntu 16.04.2 LTS[0m!

[   19.251447] systemd[1]: Set hostname to <ubuntu-xenial>.
[   19.552680] systemd[1]: Listening on Journal Socket.
[[0;32m  OK  [0m] Listening on Journal Socket.
[   19.582833] systemd[1]: Listening on LVM2 poll daemon socket.
[[0;32m  OK  [0m] Listening on LVM2 poll daemon socket.
[   19.663573] systemd[1]: Set up automount Arbitrary Executable File Formats File System Automount Point.
[[0;32m  OK  [0m] Set up automount Arbitrary Executab...ats File System Automount Point.
[   19.771053] systemd[1]: Listening on udev Kernel Socket.
[[0;32m  OK  [0m] Listening on udev Kernel Socket.
[   19.802263] systemd[1]: Listening on udev Control Socket.
[[0;32m  OK  [0m] Listening on udev Control Socket.
[   19.832212] systemd[1]: Listening on Syslog Socket.
[[0;32m  OK  [0m] Listening on Syslog Socket.
[   19.919718] systemd[1]: Listening on /dev/initctl Compatibility Named Pipe.
[[0;32m  OK  [0m] Listening on /dev/initctl Compatibility Named Pipe.
[   20.006950] systemd[1]: Listening on Journal Audit Socket.
[[0;32m  OK  [0m] Listening on Journal Audit Socket.
[   20.110787] systemd[1]: Reached target Encrypted Volumes.
[[0;32m  OK  [0m] Reached target Encrypted Volumes.
[   20.142894] systemd[1]: Reached target User and Group Name Lookups.
[[0;32m  OK  [0m] Reached target User and Group Name Lookups.
[   20.235701] systemd[1]: Listening on Journal Socket (/dev/log).
[[0;32m  OK  [0m] Listening on Journal Socket (/dev/log).
[   20.399110] systemd[1]: Created slice User and Session Slice.
[[0;32m  OK  [0m] Created slice User and Session Slice.
[   20.519157] systemd[1]: Listening on Device-mapper event daemon FIFOs.
[[0;32m  OK  [0m] Listening on Device-mapper event daemon FIFOs.
[   20.679109] systemd[1]: Reached target Swap.
[[0;32m  OK  [0m] Reached target Swap.
[   20.738760] systemd[1]: Listening on LVM2 metadata daemon socket.
[[0;32m  OK  [0m] Listening on LVM2 metadata daemon socket.
[   20.871511] systemd[1]: Created slice System Slice.
[[0;32m  OK  [0m] Created slice System Slice.
[   20.950772] systemd[1]: Starting Remount Root and Kernel File Systems...
[   20.956834] EXT4-fs (sda1): re-mounted. Opts: (null)
         Starting Remount Root and Kernel File Systems...
[   21.287303] systemd[1]: Starting Create list of required static device nodes for the current kernel...
[   21.288250] random: nonblocking pool is initialized
         Starting Create list of required st... nodes for the current kernel...
[   21.462942] systemd[1]: Mounting Debug File System...
         Mounting Debug File System...
[   21.506966] systemd[1]: Mounting POSIX Message Queue File System...
         Mounting POSIX Message Queue File System...
[   21.759330] systemd[1]: Starting Set console keymap...
         Starting Set console keymap...
[   21.769201] systemd[1]: Starting Nameserver information manager...
         Starting Nameserver information manager...
[   21.799919] systemd[1]: Created slice system-serial\x2dgetty.slice.
[[0;32m  OK  [0m] Created slice system-serial\x2dgetty.slice.
[   21.981122] systemd[1]: Reached target Slices.
[[0;32m  OK  [0m] Reached target Slices.
[   22.043352] systemd[1]: Starting Uncomplicated firewall...
         Starting Uncomplicated firewall...
[   22.203117] systemd[1]: Starting Monitoring of LVM2 mirrors, snapshots etc. using dmeventd or progress polling...
         Starting Monitoring of LVM2 mirrors... dmeventd or progress polling...
[   22.530619] systemd[1]: Starting Journal Service...
         Starting Journal Service...
[   22.590992] systemd[1]: Mounting Huge Pages File System...
         Mounting Huge Pages File System...
[   22.778844] systemd[1]: Starting Load Kernel Modules...
[   22.875346] Loading iSCSI transport class v2.0-870.
         Startin[   23.019710] iscsi: registered transport (tcp)
g Load Kernel Modules...
[   23.086780] systemd[1]: Started Forward Password Requests to Wall Directory Watch.
[[0;32m  OK  [[   23.117848] iscsi: registered transport (iser)
0m] Started Forward Password Requests to Wall Directory Watch.
[   23.243743] systemd[1]: Mounted POSIX Message Queue File System.
[[0;32m  OK  [0m] Mounted POSIX Message Queue File System.
[   23.467000] systemd[1]: Mounted Huge Pages File System.
[[0;32m  OK  [0m] Mounted Huge Pages File System.
[   23.522724] systemd[1]: Mounted Debug File System.
[[0;32m  OK  [0m] Mounted Debug File System.
[   23.606874] systemd[1]: Started Journal Service.
[[0;32m  OK  [0m] Started Journal Service.
[[0;32m  OK  [0m] Started Remount Root and Kernel File Systems.
[[0;32m  OK  [0m] Started Create list of required sta...ce nodes for the current kernel.
[[0;32m  OK  [0m] Started Set console keymap.
[[0;32m  OK  [0m] Started Uncomplicated firewall.
[[0;32m  OK  [0m] Started Load Kernel Modules.
[[0;32m  OK  [0m] Started Nameserver information manager.
[[0;32m  OK  [0m] Started LVM2 metadata daemon.
         Starting Apply Kernel Variables...
         Mounting FUSE Control File System...
         Starting Create Static Device Nodes in /dev...
         Starting Initial cloud-init job (pre-networking)...
         Starting Load/Save Random Seed...
         Starting udev Coldplug all Devices...
         Starting Flush Journal to Persistent Storage...
[[0;32m  OK  [0m] Mounted FUSE Control File System.
[[0;32m  OK  [0m] Started Monitoring of LVM2 mirrors,...ng dmeventd or progress polling.
[[0;32m  OK  [0m] Started Apply Kernel Variables.
[[0;32m  OK  [0m] Started Create Static Device Nodes in /dev.
[[0;32m  OK  [0m] Started Load/Save Random Seed.
[[0;32m  OK  [0m] Started Flush Journal to Persistent Storage.
[[0;32m  OK  [0m] Started udev Coldplug all Devices.
         Starting udev Kernel Device Manager...
[[0;32m  OK  [0m] Started udev Kernel Device Manager.
[[0;32m  OK  [0m] Reached target Local File Systems (Pre).
[[0;32m  OK  [0m] Reached target Local File Systems.
         Starting Tell Plymouth To Write Out Runtime Data...
         Starting Set console font and keymap...
         Starting Create Volatile Files and Directories...
         Starting LSB: AppArmor initialization...
[[0;32m  OK  [0m] Started Dispatch Password Requests to Console Directory Watch.
[[0;32m  OK  [0m] Started Tell Plymouth To Write Out Runtime Data.
[   19.355653] cloud-init[446]: Cloud-init v. 0.7.9 running 'init-local' at Wed, 29 Mar 2017 03:27:44 +0000. Up 18.96 seconds.
[[0;32m  OK  [0m] Started Create Volatile Files and Directories.
[[0;32m  OK  [0m] Started Initial cloud-init job (pre-networking).
[[0;32m  OK  [0m] Started Set console font and keymap.
[[0;32m  OK  [0m] Found device /dev/ttyS0.
[[0;32m  OK  [0m] Listening on Load/Save RF Kill Switch Status /dev/rfkill Watch.
[[0;32m  OK  [0m] Created slice system-getty.slice.
[[0;32m  OK  [0m] Reached target Network (Pre).
         Starting Update UTMP about System Boot/Shutdown...
[[0;32m  OK  [0m] Reached target System Time Synchronized.
[[0;32m  OK  [0m] Started LSB: AppArmor initialization.
[[0;32m  OK  [0m] Started Update UTMP about System Boot/Shutdown.
         Starting Raise network interfaces...
[[0;32m  OK  [0m] Started ifup for enp0s3.
[[0;32m  OK  [0m] Started Raise network interfaces.
[[0;32m  OK  [0m] Reached target Network.
         Starting Initial cloud-init job (metadata service crawler)...
[   23.022782] cloud-init[956]: Cloud-init v. 0.7.9 running 'init' at Wed, 29 Mar 2017 03:27:47 +0000. Up 22.55 seconds.
[[0;32m  OK  [0m] Started Initial cloud-init job (metadata service crawler).
[[0;32m  OK  [0m] Reached target Network is Online.
[   23.114454] cloud-init[956]: ci-info: +++++++++++++++++++++++++++++++++++++Net device info++++++++++++++++++++++++++++++++++++++
[   23.253088] cloud-init[956]: ci-info: +--------+------+----------------------------+---------------+-------+-------------------+
         Starting iSCSI initiator daemon (iscsid)...
[[0;32m  OK  [0m] Reached target Cloud-config availability.
[[   23.355457] cloud-init[956]: ci-info: | Device |  Up  |          Address           |      Mask     | Scope |     Hw-Address    |
[   23.396440] cloud-init[956]: ci-info: +--------+------+----------------------------+---------------+-------+-------------------+
[   23.396494] cloud-init[956]: ci-info: | enp0s3 | True |         10.0.2.15          | 255.255.255.0 |   .   | 02:ed:55:e6:81:b9 |
[   23.396547] cloud-init[956]: ci-info: | enp0s3 | True | fe80::ed:55ff:fee6:81b9/64 |       .       |  link | 02:ed:55:e6:81:b9 |
[   23.396589] cloud-init[956]: ci-info: |   lo   | True |         127.0.0.1          |   255.0.0.0   |   .   |         .         |
[   23.396633] cloud-init[956]: ci-info: |   lo   | True |          ::1/128           |       .       |  host |         .         |
[   23.396673] cloud-init[956]: ci-info: +--------+------+----------------------------+---------------+-------+-------------------+
[   23.396714] cloud-init[956]: ci-info: +++++++++++++++++++++++++++Route IPv4 info++++++++++++++++++++++++++++
[   23.396755] cloud-init[956]: ci-info: +-------+-------------+----------+---------------+-----------+-------+
[   23.396796] cloud-init[956]: ci-info: | Route | Destination | Gateway  |    Genmask    | Interface | Flags |
[   23.396915] cloud-init[956]: ci-info: +-------+-------------+----------+---------------+-----------+-------+
[   23.396949] cloud-init[956]: ci-info: |   0   |   0.0.0.0   | 10.0.2.2 |    0.0.0.0    |   enp0s3  |   UG  |
[   23.396976] cloud-init[956]: ci-info: |   1   |   10.0.2.0  | 0.0.0.0  | 255.255.255.0 |   enp0s3  |   U   |
[   23.397001] cloud-init[956]: ci-info: +-------+-------------+----------+---------------+-----------+-------+
[0;32m  OK  [0m] Reached target System Initialization.
[[0;32m  OK  [0m] Started Daily apt activities.
[[0;32m  OK  [0m] Listening on ACPID Listen Socket.
         Starting LXD - unix socket.
[[0;32m  OK  [0m] Started Timer to automatically refresh installed snaps.
[[0;32m  OK  [0m] Listening on D-Bus System Message Bus Socket.
[[0;32m  OK  [0m] Listening on UUID daemon activation socket.
         Starting Socket activation for snappy daemon.
[[0;32m  OK  [0m] Started ACPI Events Check.
[[0;32m  OK  [0m] Started Trigger resolvconf update for networkd DNS.
[[0;32m  OK  [0m] Reached target Paths.
[[0;32m  OK  [0m] Started Daily Cleanup of Temporary Directories.
[[0;32m  OK  [0m] Reached target Timers.
[[0;32m  OK  [0m] Listening on LXD - unix socket.
[[0;32m  OK  [0m] Listening on Socket activation for snappy daemon.
[[0;32m  OK  [0m] Started iSCSI initiator daemon (iscsid).
         Starting Login to default iSCSI targets...
[[0;32m  OK  [0m] Reached target Sockets.
[[0;32m  OK  [0m] Reached target Basic System.
         Starting Login Service...
         Starting OpenBSD Secure Shell server...
[[0;32m  OK  [0m] Started D-Bus System Message Bus.
[[0;32m  OK  [0m] Started FUSE filesystem for LXC.
[[0;32m  OK  [0m] Started ACPI event daemon.
         Starting Apply the settings specified in cloud-config...
         Starting MySQL Community Server...
         Starting LSB: Record successful boot for GRUB...
         Starting LXD - container startup/shutdown...
[[0;32m  OK  [0m] Started Snappy daemon.
         Starting Auto import assertions from block devices...
         Starting System Logging Service...
         Starting Accounts Service...
[[0;32m  OK  [0m] Started Deferred execution scheduler.
         Starting LSB: MD monitoring daemon...
         Starting /etc/rc.local Compatibility...
[[0;32m  OK  [0m] Started Regular background program processing daemon.
[[0;32m  OK  [0m] Started OpenBSD Secure Shell server.
[[0;32m  OK  [0m] Started System Logging Service.
[[0;32m  OK  [0m] Started LXD - container startup/shutdown.
[[0;32m  OK  [0m] Started Auto import assertions from block devices.
[[0;32m  OK  [0m] Started /etc/rc.local Compatibility.
[   25.389149] cloud-init[1026]: Cloud-init v. 0.7.9 running 'modules:config' at Wed, 29 Mar 2017 03:27:50 +0000. Up 25.24 seconds.
[[0;32m  OK  [0m] Started LSB: Record successful boot for GRUB.
[[0;32m  OK  [0m] Started Apply the settings specified in cloud-config.
[[0;32m  OK  [0m] Started Login to default iSCSI targets.
[[0;32m  OK  [0m] Started LSB: MD monitoring daemon.
[[0;32m  OK  [0m] Started Login Service.
         Starting Authenticate and Authorize Users to Run Privileged Tasks...
[[0;32m  OK  [0m] Reached target Remote File Systems (Pre).
[[0;32m  OK  [0m] Reached target Remote File Systems.
         Starting LSB: VirtualBox Linux Additions...
         Starting LSB: daemon to balance interrupts for SMP systems...
         Starting LSB: Set the CPU Frequency Scaling governor to "ondemand"...
         Starting LSB: Apache2 web server...
         Starting Permit User Sessions...
         Starting LSB: automatic crash report generation...
[[0;32m  OK  [0m] Started Permit User Sessions.
[[0;32m  OK  [0m] Started Authenticate and Authorize Users to Run Privileged Tasks.
[[0;32m  OK  [0m] Started Accounts Service.
[[0;32m  OK  [0m] Started LSB: Set the CPU Frequency Scaling governor to "ondemand".
[[0;32m  OK  [0m] Started LSB: daemon to balance interrupts for SMP systems.
[[0;32m  OK  [0m] Started LSB: VirtualBox Linux Additions.
[[0;32m  OK  [0m] Created slice User Slice of ubuntu.
[[0;32m  OK  [0m] Started Session 1 of user ubuntu.
         Starting User Manager for UID 1000...
         Starting Hold until boot process finishes up...
         Starting Terminate Plymouth Boot Screen...
[[0;32m  OK  [0m] Started User Manager for UID 1000.
[[0;32m  OK  [0m] Started MySQL Community Server.
[[0;32m  OK  [0m] Started LSB: automatic crash report generation.
[[0;32m  OK  [0m] Started Hold until boot process finishes up.
[[0;32m  OK  [0m] Started Terminate Plymouth Boot Screen.
[[0;32m  OK  [0m] Started Getty on tty1.
         Starting Set console scheme...
[[0;32m  OK  [0m] Started Serial Getty on ttyS0.
[[0;32m  OK  [0m] Reached target Login Prompts.
[[0;32m  OK  [0m] Started Set console scheme.
[[0;32m  OK  [0m] Started LSB: Apache2 web server.
[[0;32m  OK  [0m] Reached target Multi-User System.
[[0;32m  OK  [0m] Reached target Graphical Interface.
         Starting Update UTMP about System Runlevel Changes...
         Starting Execute cloud user/final scripts...
[[0;32m  OK  [0m] Started Update UTMP about System Runlevel Changes.
[   28.317394] cloud-init[1337]: Cloud-init v. 0.7.9 running 'modules:final' at Wed, 29 Mar 2017 03:27:53 +0000. Up 28.21 seconds.
[   28.388702] cloud-init[1337]: Cloud-init v. 0.7.9 finished at Wed, 29 Mar 2017 03:27:53 +0000. Datasource DataSourceNoCloud [seed=/dev/sdb][dsmode=net].  Up 28.31 seconds
[[0;32m  OK  [0m] Started Execute cloud user/final scripts.
[[0;32m  OK  [0m] Reached target Cloud-init target.

Ubuntu 16.04.2 LTS ubuntu-xenial ttyS0

ubuntu-xenial login: [0         Stopping MySQL Community Server...
         Stopping LSB: Set the CPU Frequency Scaling governor to "ondemand"...
         Stopping LSB: Apache2 web server...
         Stopping LSB: Record successful boot for GRUB...
         Stopping LSB: VirtualBox Linux Additions...
         Stopping D-Bus System Message Bus...
         Stopping LXD - container startup/shutdown...
         Stopping LSB: MD monitoring daemon...
         Stopping Regular background program processing daemon...
         Stopping Snappy daemon...
         Stopping Deferred execution scheduler...
         Stopping LSB: daemon to balance interrupts for SMP systems...
         Stopping FUSE filesystem for LXC...
         Stopping OpenBSD Secure Shell server...
         Stopping LSB: automatic crash report generation...
[[0;32m  OK  [0m] Unmounted /var/lib/lxcfs.
[[0;32m  OK  [0m] Stopped OpenBSD Secure Shell server.
[[0;32m  OK  [0m] Stopped ACPI event daemon.
[[0;32m  OK  [0m] Stopped Snappy daemon.
[[0;32m  OK  [0m] Stopped System Logging Service.
[[0;32m  OK  [0m] Stopped Accounts Service.
[[0;32m  OK  [0m] Stopped Deferred execution scheduler.
[[0;32m  OK  [0m] Stopped Regular background program processing daemon.
[[0;32m  OK  [0m] Stopped Authenticate and Authorize Users to Run Privileged Tasks.
[[0;32m  OK  [0m] Stopped Getty on tty1.
[[0;32m  OK  [0m] Stopped Serial Getty on ttyS0.
[[0;32m  OK  [0m] Stopped User Manager for UID 1000.
[[0;32m  OK  [0m] Stopped Session 8 of user ubuntu.
[[0;32m  OK  [0m] Stopped D-Bus System Message Bus.
[[0;32m  OK  [0m] Stopped FUSE filesystem for LXC.
[[0;32m  OK  [0m] Stopped LSB: Set the CPU Frequency Scaling governor to "ondemand".
[[0;32m  OK  [0m] Stopped LSB: Record successful boot for GRUB.
[[0;32m  OK  [0m] Stopped LXD - container startup/shutdown.
[[0;32m  OK  [0m] Stopped LSB: VirtualBox Linux Additions.
[[0;32m  OK  [0m] Stopped LSB: MD monitoring daemon.
[[0;32m  OK  [0m] Stopped LSB: daemon to balance interrupts for SMP systems.
[[0;32m  OK  [0m] Stopped LSB: automatic crash report generation.
[[0;32m  OK  [0m] Removed slice User Slice of ubuntu.
         Stopping Login Service...
[[0;32m  OK  [0m] Removed slice system-serial\x2dgetty.slice.
         Stopping Permit User Sessions...
[[0;32m  OK  [0m] Removed slice system-getty.slice.
[[0;32m  OK  [0m] Stopped /etc/rc.local Compatibility.
[[0;32m  OK  [0m] Stopped Login Service.
[[0;32m  OK  [0m] Stopped Permit User Sessions.
[[0;32m  OK  [0m] Stopped target User and Group Name Lookups.
[[0;32m  OK  [0m] Stopped MySQL Community Server.
[[0;32m  OK  [0m] Stopped LSB: Apache2 web server.
[[0;32m  OK  [0m] Stopped target Basic System.
[[0;32m  OK  [0m] Stopped target Slices.
[[0;32m  OK  [0m] Removed slice User and Session Slice.
[[0;32m  OK  [0m] Stopped target Sockets.
[[0;32m  OK  [0m] Closed LXD - unix socket.
[[0;32m  OK  [0m] Closed Socket activation for snappy daemon.
[[0;32m  OK  [0m] Closed D-Bus System Message Bus Socket.
[[0;32m  OK  [0m] Closed UUID daemon activation socket.
[[0;32m  OK  [0m] Closed ACPID Listen Socket.
[[0;32m  OK  [0m] Closed Syslog Socket.
[[0;32m  OK  [0m] Stopped target Paths.
[[0;32m  OK  [0m] Stopped Forward Password Requests to Wall Directory Watch.
[[0;32m  OK  [0m] Stopped ACPI Events Check.
[[0;32m  OK  [0m] Stopped Trigger resolvconf update for networkd DNS.
[[0;32m  OK  [0m] Stopped target System Initialization.
         Stopping Load/Save Random Seed...
[[0;32m  OK  [0m] Stopped target Encrypted Volumes.
         Stopping Update UTMP about System Boot/Shutdown...
[[0;32m  OK  [0m] Stopped target Swap.
[[0;32m  OK  [0m] Stopped Dispatch Password Requests to Console Directory Watch.
[[0;32m  OK  [0m] Stopped target Remote File Systems.
[[0;32m  OK  [0m] Stopped target Remote File Systems (Pre).
         Stopping Login to default iSCSI targets...
[[0;32m  OK  [0m] Stopped Load/Save Random Seed.
[[0;32m  OK  [0m] Stopped Update UTMP about System Boot/Shutdown.
[[0;32m  OK  [0m] Stopped Create Volatile Files and Directories.
[[0;32m  OK  [0m] Stopped Login to default iSCSI targets.
         Stopping iSCSI initiator daemon (iscsid)...
[[0;32m  OK  [0m] Stopped iSCSI initiator daemon (iscsid).
[[0;32m  OK  [0m] Stopped target Network is Online.
[[0;32m  OK  [0m] Stopped target Network.
[[0;32m  OK  [0m] Stopped Initial cloud-init job (metadata service crawler).
         Stopping Raise network interfaces...
[[0;32m  OK  [0m] Stopped Raise network interfaces.
[[0;32m  OK  [0m] Stopped target Network (Pre).
[[0;32m  OK  [0m] Stopped Initial cloud-init job (pre-networking).
[[0;32m  OK  [0m] Stopped target Local File Systems.
         Starting Unattended Upgrades Shutdown...
         Unmounting /vagrant...
         Unmounting /vagrant_data...
         Unmounting /run/user/1000...
[[0;32m  OK  [0m] Stopped Apply Kernel Variables.
[[0;32m  OK  [0m] Stopped Load Kernel Modules.
[[0;32m  OK  [0m] Started Unattended Upgrades Shutdown.
[[0;32m  OK  [0m] Unmounted /vagrant.
[[0;32m  OK  [0m] Unmounted /vagrant_data.
[[0;32m  OK  [0m] Unmounted /run/user/1000.
[[0;32m  OK  [0m] Reached target Unmount All Filesystems.
[[0;32m  OK  [0m] Stopped target Local File Systems (Pre).
[[0;32m  OK  [0m] Stopped Remount Root and Kernel File Systems.
[[0;32m  OK  [0m] Stopped Create Static Device Nodes in /dev.
         Stopping Monitoring of LVM2 mirrors... dmeventd or progress polling...
[[0;32m  OK  [0m] Reached target Shutdown.
[  613.584564] reboot: Power down
